// Jest Snapshot v1, https://goo.gl/fbAQLP

exports[`Molecules/SlideImage should render snapshot 1`] = `
<View
  style={
    Array [
      Object {
        "backgroundColor": "#fff",
        "flexBasis": 0,
        "flexGrow": 1,
        "flexShrink": 1,
        "height": "100vh",
      },
    ]
  }
>
  <View
    accessible={false}
    style={
      Array [
        undefined,
        Object {
          "alignItems": undefined,
          "borderColor": undefined,
          "borderWidth": 0,
          "flex": 1,
          "flexDirection": "column",
          "justifyContent": undefined,
          "padding": 10,
        },
      ]
    }
    testID="View_View"
  >
    <View
      accessible={false}
      style={
        Array [
          Array [
            Object {
              "backgroundColor": "#fff",
              "borderBottomWidth": 1,
              "borderColor": "#f1f1f1",
              "width": "100%",
            },
          ],
          Object {
            "alignItems": "center",
            "borderColor": undefined,
            "borderWidth": 0,
            "flex": undefined,
            "flexDirection": "column",
            "justifyContent": undefined,
            "padding": 0,
          },
        ]
      }
      testID="View_SlideImage"
    >
      <RCTScrollView
        accessible={false}
        activeAnimationOptions={null}
        activeAnimationType="timing"
        activeSlideAlignment="center"
        activeSlideOffset={20}
        apparitionDelay={0}
        automaticallyAdjustContentInsets={false}
        autoplay={false}
        autoplayDelay={1000}
        autoplayInterval={3000}
        callbackOffsetMargin={5}
        containerCustomStyle={Object {}}
        contentContainerCustomStyle={Object {}}
        contentContainerStyle={
          Array [
            Object {
              "paddingLeft": 0,
              "paddingRight": 0,
            },
            Object {},
          ]
        }
        data={
          Array [
            Object {
              "uri": "http://google.com",
            },
            Object {
              "uri": "http://google.com",
            },
            Object {
              "uri": "http://google.com",
            },
          ]
        }
        decelerationRate="fast"
        directionalLockEnabled={true}
        disableVirtualization={false}
        enableMomentum={false}
        enableSnap={true}
        firstItem={1}
        getItem={[Function]}
        getItemCount={[Function]}
        hasParallaxImages={false}
        horizontal={true}
        inactiveSlideOpacity={0.7}
        inactiveSlideScale={0.9}
        inactiveSlideShift={0}
        initialNumToRender={6}
        invertStickyHeaders={false}
        inverted={false}
        itemWidth={200}
        keyExtractor={[Function]}
        layout="default"
        lockScrollTimeoutDuration={1000}
        lockScrollWhileSnapping={false}
        loop={false}
        loopClonesPerSide={3}
        maxToRenderPerBatch={13}
        numColumns={1}
        onContentSizeChange={[Function]}
        onEndReachedThreshold={2}
        onLayout={[Function]}
        onMomentumScrollEnd={[Function]}
        onResponderRelease={[Function]}
        onScroll={[Function]}
        onScrollBeginDrag={[Function]}
        onScrollEndDrag={[Function]}
        onSnapToItem={[Function]}
        onStartShouldSetResponderCapture={[Function]}
        onTouchEnd={[Function]}
        onTouchStart={[Function]}
        overScrollMode="never"
        pinchGestureEnabled={false}
        removeClippedSubviews={true}
        renderItem={[Function]}
        scrollEnabled={true}
        scrollEventThrottle={1}
        scrollsToTop={false}
        shouldOptimizeUpdates={true}
        showsHorizontalScrollIndicator={false}
        showsVerticalScrollIndicator={false}
        slideStyle={Object {}}
        sliderWidth={200}
        stickyHeaderIndices={Array []}
        style={
          Object {
            "flexDirection": "row",
            "width": 200,
          }
        }
        swipeThreshold={20}
        testID="View_SlideImage_slide"
        updateCellsBatchingPeriod={50}
        useScrollView={false}
        vertical={false}
        viewabilityConfigCallbackPairs={Array []}
        windowSize={13}
      >
        <View>
          <View
            onLayout={[Function]}
            style={
              Array [
                Object {
                  "flexDirection": "row",
                },
                null,
              ]
            }
          >
            <View
              pointerEvents="box-none"
              style={
                Object {
                  "opacity": 1,
                  "transform": Array [
                    Object {
                      "scale": 1,
                    },
                  ],
                  "width": 200,
                }
              }
            >
              <View
                accessible={false}
                focusable={true}
                isTVSelectable={true}
                onClick={[Function]}
                onResponderGrant={[Function]}
                onResponderMove={[Function]}
                onResponderRelease={[Function]}
                onResponderTerminate={[Function]}
                onResponderTerminationRequest={[Function]}
                onStartShouldSetResponder={[Function]}
                style={
                  Object {
                    "alignItems": undefined,
                    "borderColor": undefined,
                    "borderWidth": 0,
                    "flex": undefined,
                    "flexDirection": "column",
                    "justifyContent": undefined,
                    "opacity": 1,
                    "padding": 0,
                  }
                }
                testID="TouchableOpacity_SlideImage_slide_item"
              >
                <Image
                  accessible={false}
                  source={
                    Object {
                      "height": 200,
                      "uri": "http://google.com",
                      "width": 200,
                    }
                  }
                  testID="Image_SlideImage_slide_item_image"
                />
              </View>
            </View>
          </View>
          <View
            onLayout={[Function]}
            style={
              Array [
                Object {
                  "flexDirection": "row",
                },
                null,
              ]
            }
          >
            <View
              pointerEvents="box-none"
              style={
                Object {
                  "opacity": 0.7,
                  "transform": Array [
                    Object {
                      "scale": 0.9,
                    },
                  ],
                  "width": 200,
                }
              }
            >
              <View
                accessible={false}
                focusable={true}
                isTVSelectable={true}
                onClick={[Function]}
                onResponderGrant={[Function]}
                onResponderMove={[Function]}
                onResponderRelease={[Function]}
                onResponderTerminate={[Function]}
                onResponderTerminationRequest={[Function]}
                onStartShouldSetResponder={[Function]}
                style={
                  Object {
                    "alignItems": undefined,
                    "borderColor": undefined,
                    "borderWidth": 0,
                    "flex": undefined,
                    "flexDirection": "column",
                    "justifyContent": undefined,
                    "opacity": 1,
                    "padding": 0,
                  }
                }
                testID="TouchableOpacity_SlideImage_slide_item"
              >
                <Image
                  accessible={false}
                  source={
                    Object {
                      "height": 200,
                      "uri": "http://google.com",
                      "width": 200,
                    }
                  }
                  testID="Image_SlideImage_slide_item_image"
                />
              </View>
            </View>
          </View>
          <View
            onLayout={[Function]}
            style={
              Array [
                Object {
                  "flexDirection": "row",
                },
                null,
              ]
            }
          >
            <View
              pointerEvents="box-none"
              style={
                Object {
                  "opacity": 0.7,
                  "transform": Array [
                    Object {
                      "scale": 0.9,
                    },
                  ],
                  "width": 200,
                }
              }
            >
              <View
                accessible={false}
                focusable={true}
                isTVSelectable={true}
                onClick={[Function]}
                onResponderGrant={[Function]}
                onResponderMove={[Function]}
                onResponderRelease={[Function]}
                onResponderTerminate={[Function]}
                onResponderTerminationRequest={[Function]}
                onStartShouldSetResponder={[Function]}
                style={
                  Object {
                    "alignItems": undefined,
                    "borderColor": undefined,
                    "borderWidth": 0,
                    "flex": undefined,
                    "flexDirection": "column",
                    "justifyContent": undefined,
                    "opacity": 1,
                    "padding": 0,
                  }
                }
                testID="TouchableOpacity_SlideImage_slide_item"
              >
                <Image
                  accessible={false}
                  source={
                    Object {
                      "height": 200,
                      "uri": "http://google.com",
                      "width": 200,
                    }
                  }
                  testID="Image_SlideImage_slide_item_image"
                />
              </View>
            </View>
          </View>
        </View>
      </RCTScrollView>
      <View
        accessible={false}
        testID="View_SlideImage_pagination"
      >
        <View
          accessible={false}
          pointerEvents="box-none"
          style={
            Array [
              Object {
                "alignItems": "center",
                "justifyContent": "center",
                "paddingHorizontal": 20,
                "paddingVertical": 30,
              },
              Object {
                "flexDirection": "row",
              },
              Object {},
            ]
          }
        >
          <View
            accessible={false}
            focusable={false}
            isTVSelectable={true}
            onClick={[Function]}
            onResponderGrant={[Function]}
            onResponderMove={[Function]}
            onResponderRelease={[Function]}
            onResponderTerminate={[Function]}
            onResponderTerminationRequest={[Function]}
            onStartShouldSetResponder={[Function]}
            style={
              Object {
                "alignItems": "center",
                "justifyContent": "center",
                "marginHorizontal": 8,
                "opacity": 1,
              }
            }
          >
            <View
              style={
                Object {
                  "backgroundColor": "#828282",
                  "borderRadius": 5,
                  "height": 10,
                  "opacity": 0.4072,
                  "transform": Array [
                    Object {
                      "scale": 0.6004732522277224,
                    },
                  ],
                  "width": 10,
                }
              }
            />
          </View>
          <View
            accessible={false}
            focusable={false}
            isTVSelectable={true}
            onClick={[Function]}
            onResponderGrant={[Function]}
            onResponderMove={[Function]}
            onResponderRelease={[Function]}
            onResponderTerminate={[Function]}
            onResponderTerminationRequest={[Function]}
            onStartShouldSetResponder={[Function]}
            style={
              Object {
                "alignItems": "center",
                "justifyContent": "center",
                "marginHorizontal": 8,
                "opacity": 1,
              }
            }
          >
            <View
              style={
                Object {
                  "backgroundColor": "#D8D8D8",
                  "borderRadius": 5,
                  "height": 10,
                  "opacity": 0.4,
                  "transform": Array [
                    Object {
                      "scale": 0.6,
                    },
                  ],
                  "width": 10,
                }
              }
            />
          </View>
          <View
            accessible={false}
            focusable={false}
            isTVSelectable={true}
            onClick={[Function]}
            onResponderGrant={[Function]}
            onResponderMove={[Function]}
            onResponderRelease={[Function]}
            onResponderTerminate={[Function]}
            onResponderTerminationRequest={[Function]}
            onStartShouldSetResponder={[Function]}
            style={
              Object {
                "alignItems": "center",
                "justifyContent": "center",
                "marginHorizontal": 8,
                "opacity": 1,
              }
            }
          >
            <View
              style={
                Object {
                  "backgroundColor": "#D8D8D8",
                  "borderRadius": 5,
                  "height": 10,
                  "opacity": 0.4,
                  "transform": Array [
                    Object {
                      "scale": 0.6,
                    },
                  ],
                  "width": 10,
                }
              }
            />
          </View>
        </View>
      </View>
    </View>
  </View>
</View>
`;
