// Jest Snapshot v1, https://goo.gl/fbAQLP

exports[`Atoms/Button should render snapshot 1`] = `
<View
  style={
    Array [
      Object {
        "backgroundColor": "#fff",
        "flexBasis": 0,
        "flexGrow": 1,
        "flexShrink": 1,
        "height": "100vh",
      },
    ]
  }
>
  <View
    accessible={false}
    style={
      Array [
        undefined,
        Object {
          "alignItems": undefined,
          "borderColor": undefined,
          "borderWidth": 0,
          "flex": 1,
          "flexDirection": "column",
          "justifyContent": undefined,
          "padding": 10,
        },
      ]
    }
    testID="View_View"
  >
    <View
      accessibilityRole="link"
      accessible={false}
      focusable={true}
      isTVSelectable={true}
      onClick={[Function]}
      onResponderGrant={[Function]}
      onResponderMove={[Function]}
      onResponderRelease={[Function]}
      onResponderTerminate={[Function]}
      onResponderTerminationRequest={[Function]}
      onStartShouldSetResponder={[Function]}
      style={
        Object {
          "alignItems": "center",
          "backgroundColor": "#fff",
          "borderColor": "#F1618C",
          "borderRadius": 10,
          "borderWidth": 0,
          "height": 45,
          "justifyContent": "center",
          "marginBottom": 0,
          "opacity": 1,
          "paddingBottom": 0,
          "paddingLeft": 15,
          "paddingRight": 15,
          "paddingTop": 0,
        }
      }
      testID="TouchableOpacity_Button"
    >
      <Text
        accessible={false}
        style={
          Array [
            Object {
              "color": "#444",
              "fontSize": 12,
              "textTransform": "none",
            },
            Object {
              "color": "#F1618C",
              "fontFamily": "SFProText-Regular",
              "fontSize": 14,
              "fontWeight": "600",
              "textAlign": "center",
              "textTransform": "none",
            },
          ]
        }
        testID="Text_Button"
      >
        Submit
      </Text>
    </View>
  </View>
</View>
`;
