// Jest Snapshot v1, https://goo.gl/fbAQLP

exports[`Atom/Flex  Column should render snapshot 1`] = `
<View
  style={
    Array [
      Object {
        "backgroundColor": "#fff",
        "flexBasis": 0,
        "flexGrow": 1,
        "flexShrink": 1,
        "height": "100vh",
      },
    ]
  }
>
  <View
    accessible={false}
    style={
      Array [
        undefined,
        Object {
          "alignItems": undefined,
          "borderColor": undefined,
          "borderWidth": 0,
          "flex": 1,
          "flexDirection": "column",
          "justifyContent": undefined,
          "padding": 10,
        },
      ]
    }
    testID="View_View"
  >
    <View
      accessible={false}
      focusable={true}
      isTVSelectable={true}
      onClick={[Function]}
      onResponderGrant={[Function]}
      onResponderMove={[Function]}
      onResponderRelease={[Function]}
      onResponderTerminate={[Function]}
      onResponderTerminationRequest={[Function]}
      onStartShouldSetResponder={[Function]}
      style={
        Object {
          "alignItems": undefined,
          "borderColor": undefined,
          "borderWidth": 0,
          "flex": undefined,
          "flexDirection": "column-reverse",
          "justifyContent": undefined,
          "opacity": 1,
          "padding": 0,
        }
      }
      testID="TouchableOpacity_column"
    />
  </View>
</View>
`;
