// Jest Snapshot v1, https://goo.gl/fbAQLP

exports[`Atom/Image should render snapshot 1`] = `
<View
  style={
    Array [
      Object {
        "backgroundColor": "#fff",
        "flexBasis": 0,
        "flexGrow": 1,
        "flexShrink": 1,
        "height": "100vh",
      },
    ]
  }
>
  <View
    accessible={false}
    style={
      Array [
        undefined,
        Object {
          "alignItems": undefined,
          "borderColor": undefined,
          "borderWidth": 0,
          "flex": 1,
          "flexDirection": "column",
          "justifyContent": undefined,
          "padding": 10,
        },
      ]
    }
    testID="View_View"
  >
    <Image
      accessible={false}
      source={
        Object {
          "uri": "http://lorempixel.com/640/480/food",
        }
      }
      testID="Image_logo"
    />
  </View>
</View>
`;
