// Jest Snapshot v1, https://goo.gl/fbAQLP

exports[`Molecules/AppHeader should render snapshot 1`] = `
<View
  style={
    Array [
      Object {
        "backgroundColor": "#fff",
        "flexBasis": 0,
        "flexGrow": 1,
        "flexShrink": 1,
        "height": "100vh",
      },
    ]
  }
>
  <View
    accessible={false}
    style={
      Array [
        undefined,
        Object {
          "alignItems": undefined,
          "borderColor": undefined,
          "borderWidth": 0,
          "flex": 1,
          "flexDirection": "column",
          "justifyContent": undefined,
          "padding": 10,
        },
      ]
    }
    testID="View_View"
  >
    <View
      accessible={false}
      style={
        Array [
          Array [
            Object {
              "height": 20,
            },
          ],
          Object {
            "alignItems": undefined,
            "borderColor": undefined,
            "borderWidth": 0,
            "flex": undefined,
            "flexDirection": "column",
            "justifyContent": undefined,
            "padding": 0,
          },
        ]
      }
      testID="View_AppHeader"
    >
      <View
        accessible={false}
        style={
          Array [
            Object {
              "alignItems": "center",
              "borderColor": undefined,
              "borderWidth": 0,
              "flex": undefined,
              "flexDirection": "row",
              "justifyContent": undefined,
              "padding": undefined,
            },
            Array [
              Object {
                "height": 30,
              },
            ],
          ]
        }
        testID="View_View"
      >
        <View
          style={
            Array [
              Object {
                "alignItems": "flex-start",
                "flexBasis": 0,
                "flexDirection": "row",
                "flexGrow": 1,
                "flexShrink": 1,
                "justifyContent": "flex-start",
                "width": 20,
              },
            ]
          }
        >
          <View
            accessible={false}
            focusable={true}
            isTVSelectable={true}
            onClick={[Function]}
            onResponderGrant={[Function]}
            onResponderMove={[Function]}
            onResponderRelease={[Function]}
            onResponderTerminate={[Function]}
            onResponderTerminationRequest={[Function]}
            onStartShouldSetResponder={[Function]}
            style={
              Object {
                "opacity": 1,
              }
            }
            testID="TouchableOpacity_AppHeader_onBack"
          >
            <Text
              allowFontScaling={false}
              style={
                Array [
                  Object {
                    "color": undefined,
                    "fontSize": 12,
                  },
                  Array [
                    Object {
                      "color": "#F1618C",
                      "fontSize": 20,
                    },
                  ],
                  Object {
                    "fontFamily": "anticon",
                    "fontStyle": "normal",
                    "fontWeight": "normal",
                  },
                  Object {},
                ]
              }
            >
              
            </Text>
          </View>
        </View>
        <View
          style={
            Array [
              Object {
                "alignItems": "center",
                "flexBasis": 0,
                "flexDirection": "row",
                "flexGrow": 8,
                "flexShrink": 1,
                "justifyContent": "center",
              },
            ]
          }
        />
        <View
          style={
            Array [
              Object {
                "alignItems": "flex-end",
                "flexBasis": 0,
                "flexDirection": "row",
                "flexGrow": 1,
                "flexShrink": 1,
                "justifyContent": "flex-end",
                "width": 20,
              },
            ]
          }
        />
      </View>
      <View
        accessible={false}
        style={
          Array [
            Object {
              "alignItems": undefined,
              "borderColor": undefined,
              "borderWidth": 0,
              "flex": undefined,
              "flexDirection": "row",
              "justifyContent": undefined,
              "padding": undefined,
            },
            Array [
              Object {
                "height": 50,
                "paddingTop": 10,
              },
            ],
          ]
        }
        testID="View_View"
      >
        <View
          accessible={false}
          style={
            Array [
              undefined,
              Object {
                "alignItems": undefined,
                "borderColor": undefined,
                "borderWidth": 0,
                "flex": 8,
                "flexDirection": "column",
                "justifyContent": "center",
                "padding": 0,
              },
            ]
          }
          testID="View_View"
        >
          <Text
            accessible={false}
            style={
              Array [
                Object {
                  "color": "#444",
                  "fontSize": 12,
                  "textTransform": "none",
                },
                Object {
                  "color": "#444",
                  "fontSize": 24,
                  "fontWeight": "bold",
                  "paddingLeft": 5,
                },
              ]
            }
            testID="Text_AppHeader_subtitle"
          >
            Page Fake
          </Text>
        </View>
        <View
          accessible={false}
          style={
            Array [
              undefined,
              Object {
                "alignItems": "flex-end",
                "borderColor": undefined,
                "borderWidth": 0,
                "flex": 1,
                "flexDirection": "column",
                "justifyContent": "center",
                "padding": 0,
              },
            ]
          }
          testID="View_View"
        >
          <View
            accessible={false}
            focusable={true}
            isTVSelectable={true}
            onClick={[Function]}
            onResponderGrant={[Function]}
            onResponderMove={[Function]}
            onResponderRelease={[Function]}
            onResponderTerminate={[Function]}
            onResponderTerminationRequest={[Function]}
            onStartShouldSetResponder={[Function]}
            style={
              Object {
                "opacity": 1,
              }
            }
            testID="TouchableOpacity_AppHeader_onFilter"
          >
            <Text
              allowFontScaling={false}
              style={
                Array [
                  Object {
                    "color": undefined,
                    "fontSize": 12,
                  },
                  Array [
                    Object {
                      "color": "#F1618C",
                      "fontSize": 20,
                    },
                  ],
                  Object {
                    "fontFamily": "Material Icons",
                    "fontStyle": "normal",
                    "fontWeight": "normal",
                  },
                  Object {},
                ]
              }
            >
              
            </Text>
          </View>
        </View>
      </View>
    </View>
  </View>
</View>
`;
