// Jest Snapshot v1, https://goo.gl/fbAQLP

exports[`Molecules/SmallCard should render snapshot 1`] = `
<View
  style={
    Array [
      Object {
        "backgroundColor": "#fff",
        "flexBasis": 0,
        "flexGrow": 1,
        "flexShrink": 1,
        "height": "100vh",
      },
    ]
  }
>
  <View
    accessible={false}
    style={
      Array [
        undefined,
        Object {
          "alignItems": undefined,
          "borderColor": undefined,
          "borderWidth": 0,
          "flex": 1,
          "flexDirection": "column",
          "justifyContent": undefined,
          "padding": 10,
        },
      ]
    }
    testID="View_View"
  >
    <View
      accessible={false}
      focusable={true}
      isTVSelectable={true}
      onClick={[Function]}
      onResponderGrant={[Function]}
      onResponderMove={[Function]}
      onResponderRelease={[Function]}
      onResponderTerminate={[Function]}
      onResponderTerminationRequest={[Function]}
      onStartShouldSetResponder={[Function]}
      style={
        Object {
          "borderRadius": 10,
          "height": 126,
          "opacity": 1,
          "overflow": "hidden",
          "shadowColor": "rgba(0,0,0,0.2)",
          "shadowOffset": Object {
            "height": 5,
            "width": 0,
          },
          "shadowOpacity": 1,
          "shadowRadius": 15,
          "width": 120,
        }
      }
      testID="TouchableOpacity_SmallCard"
    >
      <View
        accessibilityIgnoresInvertColors={true}
        style={
          Array [
            Object {
              "flexBasis": 0,
              "flexGrow": 1,
              "flexShrink": 1,
              "justifyContent": "flex-end",
              "overflow": "hidden",
            },
          ]
        }
      >
        <Image
          source={
            Object {
              "uri": "https://i.redd.it/mjauu6mwms6z.jpg",
            }
          }
          style={
            Array [
              Object {
                "bottom": 0,
                "left": 0,
                "position": "absolute",
                "right": 0,
                "top": 0,
              },
              Object {
                "height": undefined,
                "width": undefined,
              },
              undefined,
            ]
          }
        />
        <Text
          accessible={false}
          style={
            Array [
              Object {
                "color": "#444",
                "fontSize": 12,
                "textTransform": "none",
              },
              Object {
                "color": "#fff",
                "fontSize": 14,
                "fontWeight": "bold",
                "marginBottom": 10,
                "marginLeft": 10,
                "marginRight": 10,
                "marginTop": 10,
              },
            ]
          }
          testID="Text_SmallCard"
        >
          Exemplo
        </Text>
      </View>
    </View>
  </View>
</View>
`;
